warn] -- Warning: /Users/black-monad/Projects/xjdf4s/modules/core/src/main/scala/xjdf4s/model/Amounts.scala:79:57 
[warn] 79 |    def head: PartAmount                          = pool.head
[warn]    |                                                    ^^^^^^^^^
[warn]    |                                      Infinite loop in function body
[warn]    |                                      xjdf4s.model.AmountPool.head(pool)
[error] -- [E164] Declaration Error: /Users/black-monad/Projects/xjdf4s/modules/core/src/main/scala/xjdf4s/model/Audit.scala:18:15 
[error] 18 |  case Created(header: Header)
[error]    |               ^
[error]    |error overriding method header in class Audit of type => xjdf4s.model.Header;
[error]    |  value header of type xjdf4s.model.Header needs `override` modifier
[error] -- [E164] Declaration Error: /Users/black-monad/Projects/xjdf4s/modules/core/src/main/scala/xjdf4s/model/Audit.scala:20:16 
[error] 20 |  case Notified(header: Header, event: Notification)
[error]    |                ^
[error]    |error overriding method header in class Audit of type => xjdf4s.model.Header;
[error]    |  value header of type xjdf4s.model.Header needs `override` modifier
[error] -- [E164] Declaration Error: /Users/black-monad/Projects/xjdf4s/modules/core/src/main/scala/xjdf4s/model/Audit.scala:22:11 
[error] 22 |  case Run(header: Header, run: ProcessRun)
[error]    |           ^
[error]    |error overriding method header in class Audit of type => xjdf4s.model.Header;
[error]    |  value header of type xjdf4s.model.Header needs `override` modifier
[error] -- [E164] Declaration Error: /Users/black-monad/Projects/xjdf4s/modules/core/src/main/scala/xjdf4s/model/Audit.scala:24:16 
[error] 24 |  case Resource(header: Header, resourceInfo: ResourceInfo)
[error]    |                ^
[error]    |error overriding method header in class Audit of type => xjdf4s.model.Header;
[error]    |  value header of type xjdf4s.model.Header needs `override` modifier
[error] -- [E164] Declaration Error: /Users/black-monad/Projects/xjdf4s/modules/core/src/main/scala/xjdf4s/model/Audit.scala:26:14 
[error] 26 |  case Status(header: Header, deviceInfo: DeviceInfo)
[error]    |              ^
[error]    |error overriding method header in class Audit of type => xjdf4s.model.Header;
[error]    |  value header of type xjdf4s.model.Header needs `override` modifier
[error] -- [E164] Declaration Error: /Users/black-monad/Projects/xjdf4s/modules/core/src/main/scala/xjdf4s/model/Intent.scala:16:2 
[error] 16 |  name: IntentName,
[error]    |  ^
[error]    |error overriding value name in trait Named of type xjdf4s.model.IntentName;
[error]    |  value name of type xjdf4s.model.IntentName needs `override` modifier
[error] -- [E164] Declaration Error: /Users/black-monad/Projects/xjdf4s/modules/core/src/main/scala/xjdf4s/model/Resource.scala:166:2 
[error] 166 |  name: ResourceSetName,
[error]     |  ^
[error]     |error overriding value name in trait Named of type xjdf4s.model.ResourceSetName;
[error]     |  value name of type xjdf4s.model.ResourceSetName needs `override` modifier
[warn] -- Warning: /Users/black-monad/Projects/xjdf4s/modules/core/src/main/scala/xjdf4s/prim/Ids.scala:63:53 
[warn] 63 |    def toList: List[IdRef]           = refs.toChain.toList
[warn]    |                                        ^^^^^^^^^^^^^^^^^^^
[warn]    |             Infinite loop in function body
[warn]    |             xjdf4s.prim.IdRefs.toList(xjdf4s.prim.IdRefs.toChain(refs))
[warn] -- Warning: /Users/black-monad/Projects/xjdf4s/modules/core/src/main/scala/xjdf4s/prim/Tokens.scala:69:57 
[warn] 69 |    def toList: List[NmToken]           = tokens.toChain.toList
[warn]    |                                          ^^^^^^^^^^^^^^^^^^^^^
[warn]    |       Infinite loop in function body
[warn]    |       xjdf4s.prim.NmTokens.toList(xjdf4s.prim.NmTokens.toChain(tokens))
[warn] -- Warning: /Users/black-monad/Projects/xjdf4s/modules/core/src/main/scala/xjdf4s/prim/Tokens.scala:70:49 
[warn] 70 |    def head: NmToken                   = tokens.head
[warn]    |                                          ^^^^^^^^^^^
[warn]    |                                       Infinite loop in function body
[warn]    |                                       xjdf4s.prim.NmTokens.head(tokens)
[warn] four warnings found
[error] 7 errors found
[error] (core / Compile / compileIncremental) Compilation failed
[error] elapsed time: 4 s, cache 98%, 58 disk cache hits, 1 onsite task